// Jest Snapshot v1, https://goo.gl/fbAQLP

exports[`Critics page should render without crashing 1`] = `
<Provider
  store={
    Object {
      "clearActions": [Function],
      "dispatch": [Function],
      "getActions": [Function],
      "getState": [Function],
      "replaceReducer": [Function],
      "subscribe": [Function],
    }
  }
>
  <Critics>
    <NotFound
      Code={null}
      Message="No records found"
    >
      <styled.div>
        <StyledComponent
          forwardedComponent={
            Object {
              "$$typeof": Symbol(react.forward_ref),
              "attrs": Array [],
              "componentStyle": ComponentStyle {
                "componentId": "sc-ifAKCX",
                "isStatic": false,
                "lastClassName": "ioktai",
                "rules": Array [
                  "
  display: flex;
  justify-content: center;
  align-items: center;
  font-style: oblique;
",
                ],
              },
              "displayName": "styled.div",
              "foldedComponentIds": Array [],
              "render": [Function],
              "styledComponentId": "sc-ifAKCX",
              "target": "div",
              "toString": [Function],
              "warnTooManyClasses": [Function],
              "withComponent": [Function],
            }
          }
          forwardedRef={null}
        >
          <div
            className="sc-ifAKCX ioktai"
          >
            <styled.div>
              <StyledComponent
                forwardedComponent={
                  Object {
                    "$$typeof": Symbol(react.forward_ref),
                    "attrs": Array [],
                    "componentStyle": ComponentStyle {
                      "componentId": "sc-EHOje",
                      "isStatic": false,
                      "lastClassName": "cTEuPM",
                      "rules": Array [
                        "
  display: flex;
  flex-direction: column;
  text-align: center;
  margin-top: 90px;
",
                      ],
                    },
                    "displayName": "styled.div",
                    "foldedComponentIds": Array [],
                    "render": [Function],
                    "styledComponentId": "sc-EHOje",
                    "target": "div",
                    "toString": [Function],
                    "warnTooManyClasses": [Function],
                    "withComponent": [Function],
                  }
                }
                forwardedRef={null}
              >
                <div
                  className="sc-EHOje cTEuPM"
                >
                  <strong />
                  <strong>
                    No records found
                  </strong>
                </div>
              </StyledComponent>
            </styled.div>
          </div>
        </StyledComponent>
      </styled.div>
    </NotFound>
  </Critics>
</Provider>
`;
